2025-03-27 12:38:17,947 - INFO - START OF RUN
2025-03-27 12:38:17,947 - INFO - Date: 2025-03-27 12:38:17.947902, Month/Year: March 2025
2025-03-27 12:38:17,962 - INFO - Current sheet: March 2025
2025-03-27 12:38:17,968 - INFO - Monthly income: 4800
2025-03-27 12:38:17,968 - INFO - Monthly amount spent: 5621.21
2025-03-27 12:38:17,968 - INFO - Monthly amount saved: -821.21
2025-03-27 12:38:18,497 - INFO - PDF and .txt files generated at path: /Users/prakashkopi/Documents/Personal Code Projects/expenses_calculator/Graphs/PDF
2025-03-27 12:38:18,497 - INFO - No message sent.
2025-03-27 12:38:18,497 - INFO - END OF RUN
2025-03-31 17:00:03,494 - INFO - START OF RUN
2025-03-31 17:00:03,495 - INFO - Date: 2025-03-31 17:00:03.495100, Month/Year: March 2025
2025-03-31 17:00:03,506 - INFO - Current sheet: March 2025
2025-03-31 17:00:03,511 - INFO - Monthly income: 4800
2025-03-31 17:00:03,511 - INFO - Monthly amount spent: 5752.2
2025-03-31 17:00:03,511 - INFO - Monthly amount saved: -952.1999999999998
2025-03-31 17:00:04,119 - INFO - PDF and .txt files generated at path: /Users/prakashkopi/Documents/Personal Code Projects/expenses_calculator/Graphs/PDF
2025-03-31 17:00:05,113 - INFO - Monthly email sent! Status Code: 202
2025-03-31 17:00:05,147 - INFO - New sheet 'April 2025' created.
2025-03-31 17:00:05,147 - INFO - END OF RUN
2025-03-31 17:21:55,892 - INFO - START OF RUN
2025-03-31 17:21:55,893 - INFO - Date: 2025-03-31 17:21:55.893352, Month/Year: March 2025
2025-03-31 17:21:55,905 - INFO - Current sheet: March 2025
2025-03-31 17:21:55,909 - INFO - Monthly income: 4800
2025-03-31 17:21:55,910 - INFO - Monthly amount spent: 5752.2
2025-03-31 17:21:55,910 - INFO - Monthly amount saved: -952.1999999999998
2025-03-31 17:21:56,260 - INFO - PDF and .txt files generated at path: /Users/prakashkopi/Documents/Personal Code Projects/expenses_calculator/Graphs/PDF
2025-03-31 17:24:59,749 - INFO - START OF RUN
2025-03-31 17:24:59,749 - INFO - Date: 2025-03-31 17:24:59.749495, Month/Year: March 2025
2025-03-31 17:24:59,762 - INFO - Current sheet: March 2025
2025-03-31 17:24:59,767 - INFO - Monthly income: 4800
2025-03-31 17:24:59,767 - INFO - Monthly amount spent: 5752.2
2025-03-31 17:24:59,767 - INFO - Monthly amount saved: -952.1999999999998
2025-03-31 17:25:00,085 - INFO - PDF and .txt files generated at path: /Users/prakashkopi/Documents/Personal Code Projects/expenses_calculator/Graphs/PDF
2025-03-31 17:25:00,975 - INFO - Monthly email sent! Status Code: 202
2025-03-31 17:25:00,986 - INFO - Sheet 'April 2025' already exists.
2025-03-31 17:25:00,986 - INFO - END OF RUN
2025-03-31 17:26:37,672 - INFO - START OF RUN
2025-03-31 17:26:37,673 - INFO - Date: 2025-03-31 17:26:37.673347, Month/Year: March 2025
2025-03-31 17:26:37,689 - INFO - Current sheet: March 2025
2025-03-31 17:26:37,693 - INFO - Monthly income: 4800
2025-03-31 17:26:37,693 - INFO - Monthly amount spent: 5752.2
2025-03-31 17:26:37,694 - INFO - Monthly amount saved: -952.1999999999998
2025-03-31 17:26:38,020 - INFO - PDF and .txt files generated at path: /Users/prakashkopi/Documents/Personal Code Projects/expenses_calculator/Graphs/PDF
2025-03-31 17:26:38,627 - INFO - Monthly email sent! Status Code: 202
2025-03-31 17:26:38,647 - INFO - Sheet 'April 2025' already exists.
2025-03-31 17:26:38,647 - INFO - END OF RUN
2025-03-31 17:28:06,688 - INFO - START OF RUN
2025-03-31 17:28:06,688 - INFO - Date: 2025-03-31 17:28:06.688935, Month/Year: March 2025
2025-03-31 17:28:06,699 - INFO - Current sheet: March 2025
2025-03-31 17:28:06,703 - INFO - Monthly income: 4800
2025-03-31 17:28:06,703 - INFO - Monthly amount spent: 5752.2
2025-03-31 17:28:06,703 - INFO - Monthly amount saved: -952.1999999999998
2025-03-31 17:28:07,050 - INFO - PDF and .txt files generated at path: /Users/prakashkopi/Documents/Personal Code Projects/expenses_calculator/Graphs/PDF
2025-03-31 17:28:07,951 - INFO - Monthly email sent! Status Code: 202
2025-03-31 17:28:07,969 - INFO - Sheet 'April 2025' already exists.
2025-03-31 17:28:07,969 - INFO - END OF RUN
2025-03-31 17:29:01,176 - INFO - START OF RUN
2025-03-31 17:29:01,176 - INFO - Date: 2025-03-31 17:29:01.176500, Month/Year: March 2025
2025-03-31 17:29:01,187 - INFO - Current sheet: March 2025
2025-03-31 17:29:01,192 - INFO - Monthly income: 4800
2025-03-31 17:29:01,192 - INFO - Monthly amount spent: 5752.2
2025-03-31 17:29:01,192 - INFO - Monthly amount saved: -952.1999999999998
2025-03-31 17:29:01,545 - INFO - PDF and .txt files generated at path: /Users/prakashkopi/Documents/Personal Code Projects/expenses_calculator/Graphs/PDF
2025-03-31 17:29:02,180 - INFO - Monthly email sent! Status Code: 202
2025-03-31 17:29:02,189 - INFO - Sheet 'April 2025' already exists.
2025-03-31 17:29:02,189 - INFO - END OF RUN
2025-03-31 17:37:51,727 - INFO - START OF RUN
2025-03-31 17:37:51,728 - INFO - Date: 2025-03-31 17:37:51.728306, Month/Year: March 2025
2025-03-31 17:37:51,739 - INFO - Current sheet: March 2025
2025-03-31 17:37:51,743 - INFO - Monthly income: 4800
2025-03-31 17:37:51,743 - INFO - Monthly amount spent: 5752.2
2025-03-31 17:37:51,743 - INFO - Monthly amount saved: -952.1999999999998
2025-03-31 17:37:52,073 - INFO - PDF and .txt files generated at path: /Users/prakashkopi/Documents/Personal Code Projects/expenses_calculator/Graphs/PDF
2025-03-31 17:37:52,913 - INFO - Monthly email sent! Status Code: 202
2025-03-31 17:37:52,924 - INFO - Sheet 'April 2025' already exists.
2025-03-31 17:37:52,924 - INFO - END OF RUN
2025-03-31 17:41:17,210 - INFO - START OF RUN
2025-03-31 17:41:17,211 - INFO - Date: 2025-03-31 17:41:17.211356, Month/Year: March 2025
2025-03-31 17:41:17,223 - INFO - Current sheet: March 2025
2025-03-31 17:41:17,227 - INFO - Monthly income: 4800
2025-03-31 17:41:17,227 - INFO - Monthly amount spent: 5752.2
2025-03-31 17:41:17,227 - INFO - Monthly amount saved: -952.1999999999998
2025-03-31 17:41:17,562 - INFO - PDF and .txt files generated at path: /Users/prakashkopi/Documents/Personal Code Projects/expenses_calculator/Graphs/PDF
2025-03-31 17:41:18,304 - INFO - Monthly email sent! Status Code: 202
2025-03-31 17:41:18,317 - INFO - Sheet 'April 2025' already exists.
2025-03-31 17:41:18,317 - INFO - END OF RUN
2025-03-31 17:41:43,483 - INFO - START OF RUN
2025-03-31 17:41:43,483 - INFO - Date: 2025-03-31 17:41:43.483883, Month/Year: March 2025
2025-03-31 17:41:43,496 - INFO - Current sheet: March 2025
2025-03-31 17:41:43,499 - INFO - Monthly income: 4800
2025-03-31 17:41:43,499 - INFO - Monthly amount spent: 5752.2
2025-03-31 17:41:43,499 - INFO - Monthly amount saved: -952.1999999999998
2025-03-31 17:41:43,854 - INFO - PDF and .txt files generated at path: /Users/prakashkopi/Documents/Personal Code Projects/expenses_calculator/Graphs/PDF
2025-03-31 17:41:44,645 - INFO - Monthly email sent! Status Code: 202
2025-03-31 17:41:44,655 - INFO - Sheet 'April 2025' already exists.
2025-03-31 17:41:44,655 - INFO - END OF RUN
2025-03-31 17:54:01,900 - INFO - START OF RUN
2025-03-31 17:54:01,900 - INFO - Date: 2025-03-31 17:54:01.900578, Month/Year: March 2025
2025-03-31 17:54:01,911 - INFO - Current sheet: March 2025
2025-03-31 17:54:01,914 - INFO - Monthly income: 4800
2025-03-31 17:54:01,914 - INFO - Monthly amount spent: 5752.2
2025-03-31 17:54:01,914 - INFO - Monthly amount saved: -952.1999999999998
2025-03-31 17:54:02,253 - INFO - PDF and .txt files generated at path: /Users/prakashkopi/Documents/Personal Code Projects/expenses_calculator/Graphs/PDF
2025-03-31 17:54:02,281 - ERROR - PropertyValue: Missing token for production Choice(ColorValue, Dimension, URIValue, Value, variable, MSValue, CSSCalc, function): ('CHAR', '{', 1, 8)
2025-03-31 17:54:02,281 - ERROR - No content to parse.
2025-03-31 17:54:02,281 - ERROR - PropertyValue: Unknown syntax or no value:  {{font_color}}
2025-03-31 17:54:02,281 - ERROR - CSSStyleDeclaration: Syntax Error in Property: color: {{font_color}}
2025-03-31 17:54:03,182 - INFO - Monthly email sent! Status Code: 202
2025-03-31 17:54:03,191 - INFO - Sheet 'April 2025' already exists.
2025-03-31 17:54:03,191 - INFO - END OF RUN
2025-03-31 17:58:23,789 - INFO - START OF RUN
2025-03-31 17:58:23,789 - INFO - Date: 2025-03-31 17:58:23.789684, Month/Year: March 2025
2025-03-31 17:58:23,800 - INFO - Current sheet: March 2025
2025-03-31 17:58:23,804 - INFO - Monthly income: 4800
2025-03-31 17:58:23,804 - INFO - Monthly amount spent: 5752.2
2025-03-31 17:58:23,805 - INFO - Monthly amount saved: -952.1999999999998
2025-03-31 17:58:24,242 - INFO - PDF and .txt files generated at path: /Users/prakashkopi/Documents/Personal Code Projects/expenses_calculator/Graphs/PDF
2025-03-31 17:58:25,125 - INFO - Monthly email sent! Status Code: 202
2025-03-31 17:58:25,136 - INFO - Sheet 'April 2025' already exists.
2025-03-31 17:58:25,136 - INFO - END OF RUN
2025-03-31 17:59:05,874 - INFO - START OF RUN
2025-03-31 17:59:05,875 - INFO - Date: 2025-03-31 17:59:05.875245, Month/Year: March 2025
2025-03-31 17:59:05,887 - INFO - Current sheet: March 2025
2025-03-31 17:59:05,891 - INFO - Monthly income: 4800
2025-03-31 17:59:05,891 - INFO - Monthly amount spent: 5752.2
2025-03-31 17:59:05,891 - INFO - Monthly amount saved: -952.1999999999998
2025-03-31 17:59:06,220 - INFO - PDF and .txt files generated at path: /Users/prakashkopi/Documents/Personal Code Projects/expenses_calculator/Graphs/PDF
2025-03-31 17:59:06,819 - INFO - Monthly email sent! Status Code: 202
2025-03-31 17:59:06,828 - INFO - Sheet 'April 2025' already exists.
2025-03-31 17:59:06,828 - INFO - END OF RUN
2025-03-31 18:00:39,788 - INFO - START OF RUN
2025-03-31 18:00:39,788 - INFO - Date: 2025-03-31 18:00:39.788894, Month/Year: March 2025
2025-03-31 18:00:39,800 - INFO - Current sheet: March 2025
2025-03-31 18:00:39,804 - INFO - Monthly income: 4800
2025-03-31 18:00:39,804 - INFO - Monthly amount spent: 5752.2
2025-03-31 18:00:39,804 - INFO - Monthly amount saved: -952.1999999999998
2025-03-31 18:00:40,149 - INFO - PDF and .txt files generated at path: /Users/prakashkopi/Documents/Personal Code Projects/expenses_calculator/Graphs/PDF
2025-03-31 18:00:41,015 - INFO - Monthly email sent! Status Code: 202
2025-03-31 18:00:41,023 - INFO - Sheet 'April 2025' already exists.
2025-03-31 18:00:41,024 - INFO - END OF RUN
2025-03-31 18:01:10,436 - INFO - START OF RUN
2025-03-31 18:01:10,437 - INFO - Date: 2025-03-31 18:01:10.437087, Month/Year: March 2025
2025-03-31 18:01:10,450 - INFO - Current sheet: March 2025
2025-03-31 18:01:10,454 - INFO - Monthly income: 4800
2025-03-31 18:01:10,454 - INFO - Monthly amount spent: 5752.2
2025-03-31 18:01:10,454 - INFO - Monthly amount saved: -952.1999999999998
2025-03-31 18:01:10,846 - INFO - PDF and .txt files generated at path: /Users/prakashkopi/Documents/Personal Code Projects/expenses_calculator/Graphs/PDF
2025-03-31 18:01:11,608 - INFO - Monthly email sent! Status Code: 202
2025-03-31 18:01:11,623 - INFO - Sheet 'April 2025' already exists.
2025-03-31 18:01:11,623 - INFO - END OF RUN
2025-03-31 18:01:56,909 - INFO - START OF RUN
2025-03-31 18:01:56,909 - INFO - Date: 2025-03-31 18:01:56.909947, Month/Year: March 2025
2025-03-31 18:01:56,922 - INFO - Current sheet: March 2025
2025-03-31 18:01:56,926 - INFO - Monthly income: 4800
2025-03-31 18:01:56,926 - INFO - Monthly amount spent: 5752.2
2025-03-31 18:01:56,926 - INFO - Monthly amount saved: -952.1999999999998
2025-03-31 18:01:57,275 - INFO - PDF and .txt files generated at path: /Users/prakashkopi/Documents/Personal Code Projects/expenses_calculator/Graphs/PDF
2025-03-31 18:01:57,886 - INFO - Monthly email sent! Status Code: 202
2025-03-31 18:01:57,899 - INFO - Sheet 'April 2025' already exists.
2025-03-31 18:01:57,899 - INFO - END OF RUN
2025-03-31 18:05:09,570 - INFO - START OF RUN
2025-03-31 18:05:09,571 - INFO - Date: 2025-03-31 18:05:09.571321, Month/Year: March 2025
2025-03-31 18:05:09,583 - INFO - Current sheet: March 2025
2025-03-31 18:05:09,587 - INFO - Monthly income: 4800
2025-03-31 18:05:09,587 - INFO - Monthly amount spent: 5752.2
2025-03-31 18:05:09,587 - INFO - Monthly amount saved: -952.1999999999998
2025-03-31 18:05:10,021 - INFO - PDF and .txt files generated at path: /Users/prakashkopi/Documents/Personal Code Projects/expenses_calculator/Graphs/PDF
2025-03-31 18:05:10,680 - INFO - Yearly email sent! Status Code: 202
2025-03-31 18:05:10,699 - INFO - Sheet 'April 2025' already exists.
2025-03-31 18:05:10,699 - INFO - END OF RUN
2025-03-31 18:05:49,769 - INFO - START OF RUN
2025-03-31 18:05:49,769 - INFO - Date: 2025-03-31 18:05:49.769388, Month/Year: March 2025
2025-03-31 18:05:49,780 - INFO - Current sheet: March 2025
2025-03-31 18:05:49,783 - INFO - Monthly income: 4800
2025-03-31 18:05:49,783 - INFO - Monthly amount spent: 5752.2
2025-03-31 18:05:49,783 - INFO - Monthly amount saved: -952.1999999999998
2025-03-31 18:05:50,123 - INFO - PDF and .txt files generated at path: /Users/prakashkopi/Documents/Personal Code Projects/expenses_calculator/Graphs/PDF
2025-03-31 18:05:50,805 - INFO - Monthly email sent! Status Code: 202
2025-03-31 18:05:50,817 - INFO - Sheet 'April 2025' already exists.
2025-03-31 18:05:50,817 - INFO - END OF RUN
2025-03-31 18:10:11,467 - INFO - START OF RUN
2025-03-31 18:10:11,467 - INFO - Date: 2025-03-31 18:10:11.467643, Month/Year: March 2025
2025-03-31 18:10:11,479 - INFO - Current sheet: March 2025
2025-03-31 18:10:11,483 - INFO - Monthly income: 4800
2025-03-31 18:10:11,483 - INFO - Monthly amount spent: 5752.2
2025-03-31 18:10:11,483 - INFO - Monthly amount saved: -952.1999999999998
2025-03-31 18:10:11,826 - INFO - PDF and .txt files generated at path: /Users/prakashkopi/Documents/Personal Code Projects/expenses_calculator/Graphs/PDF
2025-03-31 18:10:11,854 - ERROR - PropertyValue: Missing token for production Choice(ColorValue, Dimension, URIValue, Value, variable, MSValue, CSSCalc, function): ('CHAR', '{', 1, 8)
2025-03-31 18:10:11,855 - ERROR - No content to parse.
2025-03-31 18:10:11,855 - ERROR - PropertyValue: Unknown syntax or no value:  {{ font_color }}
2025-03-31 18:10:11,855 - ERROR - CSSStyleDeclaration: Syntax Error in Property: color: {{ font_color }}
2025-03-31 18:10:13,797 - INFO - Monthly email sent! Status Code: 202
2025-03-31 18:10:13,809 - INFO - Sheet 'April 2025' already exists.
2025-03-31 18:10:13,809 - INFO - END OF RUN
2025-03-31 18:11:51,084 - INFO - START OF RUN
2025-03-31 18:11:51,084 - INFO - Date: 2025-03-31 18:11:51.084900, Month/Year: March 2025
2025-03-31 18:11:51,095 - INFO - Current sheet: March 2025
2025-03-31 18:11:51,099 - INFO - Monthly income: 4800
2025-03-31 18:11:51,099 - INFO - Monthly amount spent: 5752.2
2025-03-31 18:11:51,099 - INFO - Monthly amount saved: -952.1999999999998
2025-03-31 18:11:51,416 - INFO - PDF and .txt files generated at path: /Users/prakashkopi/Documents/Personal Code Projects/expenses_calculator/Graphs/PDF
2025-03-31 18:11:52,103 - INFO - Monthly email sent! Status Code: 202
2025-03-31 18:11:52,114 - INFO - Sheet 'April 2025' already exists.
2025-03-31 18:11:52,114 - INFO - END OF RUN
2025-04-02 11:30:09,391 - INFO - START OF RUN
2025-04-02 11:30:09,392 - INFO - Date: 2025-04-02 11:30:09.392158, Month/Year: April 2025
2025-04-02 11:30:09,400 - INFO - Current sheet: April 2025
2025-04-02 11:30:09,401 - INFO - Monthly income: 4800
2025-04-02 11:30:09,401 - INFO - Monthly amount spent: 909.2499999999999
2025-04-02 11:30:09,401 - INFO - Monthly amount saved: 3890.75
2025-04-02 11:30:09,989 - INFO - PDF and .txt files generated at path: /Users/prakashkopi/Documents/Personal Code Projects/expenses_calculator/Graphs/PDF
2025-04-02 11:30:09,989 - INFO - No message sent.
2025-04-02 11:30:09,989 - INFO - END OF RUN
2025-04-04 11:30:03,474 - INFO - START OF RUN
2025-04-04 11:30:03,475 - INFO - Date: 2025-04-04 11:30:03.475385, Month/Year: April 2025
2025-04-04 11:30:03,490 - INFO - Current sheet: April 2025
2025-04-04 11:30:03,494 - INFO - Monthly income: 4800
2025-04-04 11:30:03,494 - INFO - Monthly amount spent: 1149.53
2025-04-04 11:30:03,494 - INFO - Monthly amount saved: 3650.4700000000003
2025-04-04 11:30:04,012 - INFO - PDF and .txt files generated at path: /Users/prakashkopi/Documents/Personal Code Projects/expenses_calculator/Graphs/PDF
2025-04-04 11:30:04,012 - INFO - No message sent.
2025-04-04 11:30:04,012 - INFO - END OF RUN
2025-04-08 11:30:03,877 - INFO - START OF RUN
2025-04-08 11:30:03,878 - INFO - Date: 2025-04-08 11:30:03.878292, Month/Year: April 2025
2025-04-08 11:30:03,906 - INFO - Current sheet: April 2025
2025-04-08 11:30:03,914 - INFO - Monthly income: 4800
2025-04-08 11:30:03,914 - INFO - Monthly amount spent: 2372.75
2025-04-08 11:30:03,914 - INFO - Monthly amount saved: 2427.25
2025-04-08 11:30:04,594 - INFO - PDF and .txt files generated at path: /Users/prakashkopi/Documents/Personal Code Projects/expenses_calculator/Graphs/PDF
2025-04-08 11:30:04,594 - INFO - No message sent.
2025-04-08 11:30:04,594 - INFO - END OF RUN
2025-04-09 11:30:08,714 - INFO - START OF RUN
2025-04-09 11:30:08,714 - INFO - Date: 2025-04-09 11:30:08.714294, Month/Year: April 2025
2025-04-09 11:30:08,725 - INFO - Current sheet: April 2025
2025-04-09 11:30:08,727 - INFO - Monthly income: 4800
2025-04-09 11:30:08,727 - INFO - Monthly amount spent: 2372.75
2025-04-09 11:30:08,727 - INFO - Monthly amount saved: 2427.25
2025-04-09 11:30:09,514 - INFO - PDF and .txt files generated at path: /Users/prakashkopi/Documents/Personal Code Projects/expenses_calculator/Graphs/PDF
2025-04-09 11:30:09,514 - INFO - No message sent.
2025-04-09 11:30:09,514 - INFO - END OF RUN
2025-04-11 11:30:03,378 - INFO - START OF RUN
2025-04-11 11:30:03,379 - INFO - Date: 2025-04-11 11:30:03.379591, Month/Year: April 2025
2025-04-11 11:30:03,393 - INFO - Current sheet: April 2025
2025-04-11 11:30:03,399 - INFO - Monthly income: 4800
2025-04-11 11:30:03,399 - INFO - Monthly amount spent: 2372.75
2025-04-11 11:30:03,399 - INFO - Monthly amount saved: 2427.25
2025-04-11 11:30:04,058 - INFO - PDF and .txt files generated at path: /Users/prakashkopi/Documents/Personal Code Projects/expenses_calculator/Graphs/PDF
2025-04-11 11:30:04,058 - INFO - No message sent.
2025-04-11 11:30:04,059 - INFO - END OF RUN
2025-04-13 11:30:05,178 - INFO - START OF RUN
2025-04-13 11:30:05,203 - INFO - Date: 2025-04-13 11:30:05.203335, Month/Year: April 2025
2025-04-13 11:30:05,219 - INFO - Current sheet: April 2025
2025-04-13 11:30:05,272 - INFO - Monthly income: 4800
2025-04-13 11:30:05,272 - INFO - Monthly amount spent: 2372.75
2025-04-13 11:30:05,272 - INFO - Monthly amount saved: 2427.25
2025-04-13 11:30:06,355 - INFO - PDF and .txt files generated at path: /Users/prakashkopi/Documents/Personal Code Projects/expenses_calculator/Graphs/PDF
2025-04-13 11:30:06,356 - INFO - No message sent.
2025-04-13 11:30:06,356 - INFO - END OF RUN
2025-04-16 11:31:53,724 - INFO - START OF RUN
2025-04-16 11:31:53,725 - INFO - Date: 2025-04-16 11:31:53.725589, Month/Year: April 2025
2025-04-16 11:31:53,737 - INFO - Current sheet: April 2025
2025-04-16 11:31:53,739 - INFO - Monthly income: 4800
2025-04-16 11:31:53,739 - INFO - Monthly amount spent: 3511.11
2025-04-16 11:31:53,739 - INFO - Monthly amount saved: 1288.8899999999999
2025-04-16 11:31:54,609 - INFO - PDF and .txt files generated at path: /Users/prakashkopi/Documents/Personal Code Projects/expenses_calculator/Graphs/PDF
2025-04-16 11:31:54,609 - INFO - No message sent.
2025-04-16 11:31:54,609 - INFO - END OF RUN
2025-04-17 11:30:03,547 - INFO - START OF RUN
2025-04-17 11:30:03,549 - INFO - Date: 2025-04-17 11:30:03.549378, Month/Year: April 2025
2025-04-17 11:30:03,565 - INFO - Current sheet: April 2025
2025-04-17 11:30:03,571 - INFO - Monthly income: 4800
2025-04-17 11:30:03,571 - INFO - Monthly amount spent: 3511.11
2025-04-17 11:30:03,571 - INFO - Monthly amount saved: 1288.8899999999999
2025-04-17 11:30:04,146 - INFO - PDF and .txt files generated at path: /Users/prakashkopi/Documents/Personal Code Projects/expenses_calculator/Graphs/PDF
2025-04-17 11:30:04,146 - INFO - No message sent.
2025-04-17 11:30:04,146 - INFO - END OF RUN
2025-04-21 11:30:06,403 - INFO - START OF RUN
2025-04-21 11:30:06,404 - INFO - Date: 2025-04-21 11:30:06.404363, Month/Year: April 2025
2025-04-21 11:30:06,420 - INFO - Current sheet: April 2025
2025-04-21 11:30:06,429 - INFO - Monthly income: 4800
2025-04-21 11:30:06,429 - INFO - Monthly amount spent: 3511.11
2025-04-21 11:30:06,429 - INFO - Monthly amount saved: 1288.8899999999999
2025-04-21 11:30:08,093 - INFO - PDF and .txt files generated at path: /Users/prakashkopi/Documents/Personal Code Projects/expenses_calculator/Graphs/PDF
2025-04-21 11:30:08,093 - INFO - No message sent.
2025-04-21 11:30:08,093 - INFO - END OF RUN
2025-04-23 11:30:03,562 - INFO - START OF RUN
2025-04-23 11:30:03,563 - INFO - Date: 2025-04-23 11:30:03.563827, Month/Year: April 2025
2025-04-23 11:30:03,586 - INFO - Current sheet: April 2025
2025-04-23 11:30:03,595 - INFO - Monthly income: 4800
2025-04-23 11:30:03,595 - INFO - Monthly amount spent: 3511.11
2025-04-23 11:30:03,595 - INFO - Monthly amount saved: 1288.8899999999999
2025-04-23 11:30:04,215 - INFO - PDF and .txt files generated at path: /Users/prakashkopi/Documents/Personal Code Projects/expenses_calculator/Graphs/PDF
2025-04-23 11:30:04,215 - INFO - No message sent.
2025-04-23 11:30:04,215 - INFO - END OF RUN
2025-04-25 11:31:31,206 - INFO - START OF RUN
2025-04-25 11:31:31,208 - INFO - Date: 2025-04-25 11:31:31.208373, Month/Year: April 2025
2025-04-25 11:31:31,226 - INFO - Current sheet: April 2025
2025-04-25 11:31:31,229 - INFO - Monthly income: 4800
2025-04-25 11:31:31,229 - INFO - Monthly amount spent: 3511.11
2025-04-25 11:31:31,229 - INFO - Monthly amount saved: 1288.8899999999999
2025-04-25 11:31:32,159 - INFO - PDF and .txt files generated at path: /Users/prakashkopi/Documents/Personal Code Projects/expenses_calculator/Graphs/PDF
2025-04-25 11:31:32,159 - INFO - No message sent.
2025-04-25 11:31:32,159 - INFO - END OF RUN
2025-04-28 11:30:04,387 - INFO - START OF RUN
2025-04-28 11:30:04,389 - INFO - Date: 2025-04-28 11:30:04.389247, Month/Year: April 2025
2025-04-28 11:30:04,427 - INFO - Current sheet: April 2025
2025-04-28 11:30:04,435 - INFO - Monthly income: 4800
2025-04-28 11:30:04,435 - INFO - Monthly amount spent: 3511.11
2025-04-28 11:30:04,435 - INFO - Monthly amount saved: 1288.8899999999999
2025-04-28 11:30:05,146 - INFO - PDF and .txt files generated at path: /Users/prakashkopi/Documents/Personal Code Projects/expenses_calculator/Graphs/PDF
2025-04-28 11:30:05,146 - INFO - No message sent.
2025-04-28 11:30:05,146 - INFO - END OF RUN
2025-04-29 11:30:09,429 - INFO - START OF RUN
2025-04-29 11:30:09,435 - INFO - Date: 2025-04-29 11:30:09.435388, Month/Year: April 2025
2025-04-29 11:30:09,473 - INFO - Current sheet: April 2025
2025-04-29 11:30:09,485 - INFO - Monthly income: 4800
2025-04-29 11:30:09,485 - INFO - Monthly amount spent: 3511.11
2025-04-29 11:30:09,485 - INFO - Monthly amount saved: 1288.8899999999999
2025-04-29 11:30:10,909 - INFO - PDF and .txt files generated at path: /Users/prakashkopi/Documents/Personal Code Projects/expenses_calculator/Graphs/PDF
2025-04-29 11:30:10,909 - INFO - No message sent.
2025-04-29 11:30:10,909 - INFO - END OF RUN
2025-04-30 11:30:22,939 - INFO - START OF RUN
2025-04-30 11:30:22,940 - INFO - Date: 2025-04-30 11:30:22.940669, Month/Year: April 2025
2025-04-30 11:30:22,972 - INFO - Current sheet: April 2025
2025-04-30 11:30:22,982 - INFO - Monthly income: 4800
2025-04-30 11:30:22,982 - INFO - Monthly amount spent: 3511.11
2025-04-30 11:30:22,982 - INFO - Monthly amount saved: 1288.8899999999999
2025-04-30 11:30:23,957 - INFO - PDF and .txt files generated at path: /Users/prakashkopi/Documents/Personal Code Projects/expenses_calculator/Graphs/PDF
2025-04-30 11:30:24,792 - INFO - Monthly email sent! Status Code: 202
2025-04-30 11:30:24,857 - INFO - New sheet 'May 2025' created.
2025-04-30 11:30:24,857 - INFO - END OF RUN
2025-05-01 11:30:09,168 - INFO - START OF RUN
2025-05-01 11:30:09,168 - INFO - Date: 2025-05-01 11:30:09.168638, Month/Year: May 2025
2025-05-01 11:30:09,202 - INFO - Current sheet: May 2025
2025-05-01 11:30:09,212 - INFO - Monthly income: 4800
2025-05-01 11:30:09,212 - INFO - Monthly amount spent: 857.02
2025-05-01 11:30:09,213 - INFO - Monthly amount saved: 3942.98
2025-05-01 11:30:10,414 - INFO - PDF and .txt files generated at path: /Users/prakashkopi/Documents/Personal Code Projects/expenses_calculator/Graphs/PDF
2025-05-01 11:30:10,414 - INFO - No message sent.
2025-05-01 11:30:10,414 - INFO - END OF RUN
2025-05-05 11:30:06,766 - INFO - START OF RUN
2025-05-05 11:30:06,767 - INFO - Date: 2025-05-05 11:30:06.767189, Month/Year: May 2025
2025-05-05 11:30:06,782 - INFO - Current sheet: May 2025
2025-05-05 11:30:06,787 - INFO - Monthly income: 4800
2025-05-05 11:30:06,787 - INFO - Monthly amount spent: 857.02
2025-05-05 11:30:06,787 - INFO - Monthly amount saved: 3942.98
2025-05-05 11:30:07,339 - INFO - PDF and .txt files generated at path: /Users/prakashkopi/Documents/Personal Code Projects/expenses_calculator/Graphs/PDF
2025-05-05 11:30:07,339 - INFO - No message sent.
2025-05-05 11:30:07,339 - INFO - END OF RUN
2025-05-06 11:30:14,062 - INFO - START OF RUN
2025-05-06 11:30:14,062 - INFO - Date: 2025-05-06 11:30:14.062933, Month/Year: May 2025
2025-05-06 11:30:14,081 - INFO - Current sheet: May 2025
2025-05-06 11:30:14,090 - INFO - Monthly income: 4800
2025-05-06 11:30:14,090 - INFO - Monthly amount spent: 857.02
2025-05-06 11:30:14,090 - INFO - Monthly amount saved: 3942.98
2025-05-06 11:30:16,612 - INFO - PDF and .txt files generated at path: /Users/prakashkopi/Documents/Personal Code Projects/expenses_calculator/Graphs/PDF
2025-05-06 11:30:16,612 - INFO - No message sent.
2025-05-06 11:30:16,612 - INFO - END OF RUN
2025-05-07 11:30:05,905 - INFO - START OF RUN
2025-05-07 11:30:05,906 - INFO - Date: 2025-05-07 11:30:05.906136, Month/Year: May 2025
2025-05-07 11:30:05,923 - INFO - Current sheet: May 2025
2025-05-07 11:30:05,929 - INFO - Monthly income: 4800
2025-05-07 11:30:05,929 - INFO - Monthly amount spent: 857.02
2025-05-07 11:30:05,929 - INFO - Monthly amount saved: 3942.98
2025-05-07 11:30:06,460 - INFO - PDF and .txt files generated at path: /Users/prakashkopi/Documents/Personal Code Projects/expenses_calculator/Graphs/PDF
2025-05-07 11:30:06,460 - INFO - No message sent.
2025-05-07 11:30:06,460 - INFO - END OF RUN
2025-05-08 11:30:59,562 - INFO - START OF RUN
2025-05-08 11:30:59,562 - INFO - Date: 2025-05-08 11:30:59.562759, Month/Year: May 2025
2025-05-08 11:30:59,577 - INFO - Current sheet: May 2025
2025-05-08 11:30:59,583 - INFO - Monthly income: 4800
2025-05-08 11:30:59,583 - INFO - Monthly amount spent: 857.02
2025-05-08 11:30:59,583 - INFO - Monthly amount saved: 3942.98
2025-05-08 11:31:00,325 - INFO - PDF and .txt files generated at path: /Users/prakashkopi/Documents/Personal Code Projects/expenses_calculator/Graphs/PDF
2025-05-08 11:31:00,325 - INFO - No message sent.
2025-05-08 11:31:00,325 - INFO - END OF RUN
2025-05-14 11:30:03,733 - INFO - START OF RUN
2025-05-14 11:30:03,734 - INFO - Date: 2025-05-14 11:30:03.734252, Month/Year: May 2025
2025-05-14 11:30:03,752 - INFO - Current sheet: May 2025
2025-05-14 11:30:03,759 - INFO - Monthly income: 4800
2025-05-14 11:30:03,759 - INFO - Monthly amount spent: 857.02
2025-05-14 11:30:03,759 - INFO - Monthly amount saved: 3942.98
2025-05-14 11:30:04,408 - INFO - PDF and .txt files generated at path: /Users/prakashkopi/Documents/Personal Code Projects/expenses_calculator/Graphs/PDF
2025-05-14 11:30:04,408 - INFO - No message sent.
2025-05-14 11:30:04,408 - INFO - END OF RUN
2025-05-15 11:30:07,658 - INFO - START OF RUN
2025-05-15 11:30:07,659 - INFO - Date: 2025-05-15 11:30:07.659892, Month/Year: May 2025
2025-05-15 11:30:07,675 - INFO - Current sheet: May 2025
2025-05-15 11:30:07,679 - INFO - Monthly income: 4800
2025-05-15 11:30:07,679 - INFO - Monthly amount spent: 857.02
2025-05-15 11:30:07,679 - INFO - Monthly amount saved: 3942.98
2025-05-15 11:30:08,340 - INFO - PDF and .txt files generated at path: /Users/prakashkopi/Documents/Personal Code Projects/expenses_calculator/Graphs/PDF
2025-05-15 11:30:08,340 - INFO - No message sent.
2025-05-15 11:30:08,340 - INFO - END OF RUN
2025-05-16 11:30:04,151 - INFO - START OF RUN
2025-05-16 11:30:04,152 - INFO - Date: 2025-05-16 11:30:04.152106, Month/Year: May 2025
2025-05-16 11:30:04,168 - INFO - Current sheet: May 2025
2025-05-16 11:30:04,173 - INFO - Monthly income: 4800
2025-05-16 11:30:04,173 - INFO - Monthly amount spent: 857.02
2025-05-16 11:30:04,173 - INFO - Monthly amount saved: 3942.98
2025-05-16 11:30:05,065 - INFO - PDF and .txt files generated at path: /Users/prakashkopi/Documents/Personal Code Projects/expenses_calculator/Graphs/PDF
2025-05-16 11:30:05,065 - INFO - No message sent.
2025-05-16 11:30:05,065 - INFO - END OF RUN
2025-05-18 11:37:28,700 - INFO - START OF RUN
2025-05-18 11:37:28,701 - INFO - Date: 2025-05-18 11:37:28.701297, Month/Year: May 2025
2025-05-18 11:37:28,742 - INFO - Current sheet: May 2025
2025-05-18 11:37:28,752 - INFO - Monthly income: 4800
2025-05-18 11:37:28,752 - INFO - Monthly amount spent: 857.02
2025-05-18 11:37:28,752 - INFO - Monthly amount saved: 3942.98
2025-05-18 11:37:29,908 - INFO - PDF and .txt files generated at path: /Users/prakashkopi/Documents/Personal Code Projects/expenses_calculator/Graphs/PDF
2025-05-18 11:37:29,908 - INFO - No message sent.
2025-05-18 11:37:29,908 - INFO - END OF RUN
2025-05-19 11:30:04,787 - INFO - START OF RUN
2025-05-19 11:30:04,790 - INFO - Date: 2025-05-19 11:30:04.790357, Month/Year: May 2025
2025-05-19 11:30:04,810 - INFO - Current sheet: May 2025
2025-05-19 11:30:04,816 - INFO - Monthly income: 4800
2025-05-19 11:30:04,816 - INFO - Monthly amount spent: 857.02
2025-05-19 11:30:04,816 - INFO - Monthly amount saved: 3942.98
2025-05-19 11:30:05,630 - INFO - PDF and .txt files generated at path: /Users/prakashkopi/Documents/Personal Code Projects/expenses_calculator/Graphs/PDF
2025-05-19 11:30:05,630 - INFO - No message sent.
2025-05-19 11:30:05,630 - INFO - END OF RUN
2025-05-20 11:30:03,339 - INFO - START OF RUN
2025-05-20 11:30:03,340 - INFO - Date: 2025-05-20 11:30:03.340739, Month/Year: May 2025
2025-05-20 11:30:03,358 - INFO - Current sheet: May 2025
2025-05-20 11:30:03,363 - INFO - Monthly income: 4800
2025-05-20 11:30:03,364 - INFO - Monthly amount spent: 857.02
2025-05-20 11:30:03,364 - INFO - Monthly amount saved: 3942.98
2025-05-20 11:30:03,855 - INFO - PDF and .txt files generated at path: /Users/prakashkopi/Documents/Personal Code Projects/expenses_calculator/Graphs/PDF
2025-05-20 11:30:03,855 - INFO - No message sent.
2025-05-20 11:30:03,855 - INFO - END OF RUN
2025-05-26 11:30:07,146 - INFO - START OF RUN
2025-05-26 11:30:07,146 - INFO - Date: 2025-05-26 11:30:07.146775, Month/Year: May 2025
2025-05-26 11:30:07,156 - INFO - Current sheet: May 2025
2025-05-26 11:30:07,157 - INFO - Monthly income: 4800
2025-05-26 11:30:07,157 - INFO - Monthly amount spent: 857.02
2025-05-26 11:30:07,157 - INFO - Monthly amount saved: 3942.98
2025-05-26 11:30:07,680 - INFO - PDF and .txt files generated at path: /Users/prakashkopi/Documents/Personal Code Projects/expenses_calculator/Graphs/PDF
2025-05-26 11:30:07,680 - INFO - No message sent.
2025-05-26 11:30:07,680 - INFO - END OF RUN
2025-05-31 11:30:03,922 - INFO - START OF RUN
2025-05-31 11:30:03,926 - INFO - Date: 2025-05-31 11:30:03.926533, Month/Year: May 2025
2025-05-31 11:30:03,943 - INFO - Current sheet: May 2025
2025-05-31 11:30:03,950 - INFO - Monthly income: 4800
2025-05-31 11:30:03,950 - INFO - Monthly amount spent: 857.02
2025-05-31 11:30:03,950 - INFO - Monthly amount saved: 3942.98
2025-05-31 11:30:04,801 - INFO - PDF and .txt files generated at path: /Users/prakashkopi/Documents/Personal Code Projects/expenses_calculator/Graphs/PDF
2025-05-31 11:30:05,550 - INFO - Monthly email sent! Status Code: 202
2025-05-31 11:30:05,683 - INFO - New sheet 'June 2025' created.
2025-05-31 11:30:05,683 - INFO - END OF RUN
2025-06-02 11:30:04,734 - INFO - START OF RUN
2025-06-02 11:30:04,735 - INFO - Date: 2025-06-02 11:30:04.735933, Month/Year: June 2025
2025-06-02 11:30:04,753 - INFO - Current sheet: June 2025
2025-06-02 11:30:04,761 - INFO - Monthly income: 4800
2025-06-02 11:30:04,761 - INFO - Monthly amount spent: 867.81
2025-06-02 11:30:04,761 - INFO - Monthly amount saved: 3932.19
2025-06-02 11:30:05,573 - INFO - PDF and .txt files generated at path: /Users/prakashkopi/Documents/Personal Code Projects/expenses_calculator/Graphs/PDF
2025-06-02 11:30:05,573 - INFO - No message sent.
2025-06-02 11:30:05,573 - INFO - END OF RUN
2025-06-03 11:30:03,931 - INFO - START OF RUN
2025-06-03 11:30:03,934 - INFO - Date: 2025-06-03 11:30:03.934659, Month/Year: June 2025
2025-06-03 11:30:03,950 - INFO - Current sheet: June 2025
2025-06-03 11:30:03,955 - INFO - Monthly income: 4800
2025-06-03 11:30:03,955 - INFO - Monthly amount spent: 1070.65
2025-06-03 11:30:03,955 - INFO - Monthly amount saved: 3729.35
2025-06-03 11:30:04,906 - INFO - PDF and .txt files generated at path: /Users/prakashkopi/Documents/Personal Code Projects/expenses_calculator/Graphs/PDF
2025-06-03 11:30:04,906 - INFO - No message sent.
2025-06-03 11:30:04,906 - INFO - END OF RUN
2025-06-04 11:30:04,060 - INFO - START OF RUN
2025-06-04 11:30:04,061 - INFO - Date: 2025-06-04 11:30:04.061890, Month/Year: June 2025
2025-06-04 11:30:04,081 - INFO - Current sheet: June 2025
2025-06-04 11:30:04,087 - INFO - Monthly income: 4800
2025-06-04 11:30:04,087 - INFO - Monthly amount spent: 1110.65
2025-06-04 11:30:04,087 - INFO - Monthly amount saved: 3689.35
2025-06-04 11:30:04,790 - INFO - PDF and .txt files generated at path: /Users/prakashkopi/Documents/Personal Code Projects/expenses_calculator/Graphs/PDF
2025-06-04 11:30:04,790 - INFO - No message sent.
2025-06-04 11:30:04,790 - INFO - END OF RUN
2025-06-06 11:30:08,221 - INFO - START OF RUN
2025-06-06 11:30:08,223 - INFO - Date: 2025-06-06 11:30:08.223896, Month/Year: June 2025
2025-06-06 11:30:08,242 - INFO - Current sheet: June 2025
2025-06-06 11:30:08,246 - INFO - Monthly income: 4800
2025-06-06 11:30:08,246 - INFO - Monthly amount spent: 1288.4
2025-06-06 11:30:08,246 - INFO - Monthly amount saved: 3511.6
2025-06-06 11:30:09,183 - INFO - PDF and .txt files generated at path: /Users/prakashkopi/Documents/Personal Code Projects/expenses_calculator/Graphs/PDF
2025-06-06 11:30:09,183 - INFO - No message sent.
2025-06-06 11:30:09,183 - INFO - END OF RUN
2025-06-09 11:30:26,875 - INFO - START OF RUN
2025-06-09 11:30:26,877 - INFO - Date: 2025-06-09 11:30:26.877488, Month/Year: June 2025
2025-06-09 11:30:26,907 - INFO - Current sheet: June 2025
2025-06-09 11:30:26,922 - INFO - Monthly income: 4800
2025-06-09 11:30:26,922 - INFO - Monthly amount spent: 1288.4
2025-06-09 11:30:26,922 - INFO - Monthly amount saved: 3511.6
2025-06-09 11:30:27,706 - INFO - PDF and .txt files generated at path: /Users/prakashkopi/Documents/Personal Code Projects/expenses_calculator/Graphs/PDF
2025-06-09 11:30:27,706 - INFO - No message sent.
2025-06-09 11:30:27,706 - INFO - END OF RUN
2025-06-10 11:30:03,609 - INFO - START OF RUN
2025-06-10 11:30:03,611 - INFO - Date: 2025-06-10 11:30:03.611174, Month/Year: June 2025
2025-06-10 11:30:03,627 - INFO - Current sheet: June 2025
2025-06-10 11:30:03,633 - INFO - Monthly income: 4800
2025-06-10 11:30:03,633 - INFO - Monthly amount spent: 1366.4299999999998
2025-06-10 11:30:03,633 - INFO - Monthly amount saved: 3433.57
2025-06-10 11:30:04,259 - INFO - PDF and .txt files generated at path: /Users/prakashkopi/Documents/Personal Code Projects/expenses_calculator/Graphs/PDF
2025-06-10 11:30:04,259 - INFO - No message sent.
2025-06-10 11:30:04,259 - INFO - END OF RUN
2025-06-15 11:43:27,136 - INFO - START OF RUN
2025-06-15 11:43:27,136 - INFO - Date: 2025-06-15 11:43:27.136898, Month/Year: June 2025
2025-06-15 11:43:27,153 - INFO - Current sheet: June 2025
2025-06-15 11:43:27,155 - INFO - Monthly income: 4800
2025-06-15 11:43:27,155 - INFO - Monthly amount spent: 1406.8799999999999
2025-06-15 11:43:27,155 - INFO - Monthly amount saved: 3393.12
2025-06-15 11:43:29,070 - INFO - PDF and .txt files generated at path: /Users/prakashkopi/Documents/Personal Code Projects/expenses_calculator/Graphs/PDF
2025-06-15 11:43:29,071 - INFO - No message sent.
2025-06-15 11:43:29,071 - INFO - END OF RUN
2025-06-16 11:30:09,714 - INFO - START OF RUN
2025-06-16 11:30:09,717 - INFO - Date: 2025-06-16 11:30:09.717068, Month/Year: June 2025
2025-06-16 11:30:09,752 - INFO - Current sheet: June 2025
2025-06-16 11:30:09,762 - INFO - Monthly income: 4800
2025-06-16 11:30:09,762 - INFO - Monthly amount spent: 1508.0699999999997
2025-06-16 11:30:09,762 - INFO - Monthly amount saved: 3291.9300000000003
2025-06-16 11:30:10,815 - INFO - PDF and .txt files generated at path: /Users/prakashkopi/Documents/Personal Code Projects/expenses_calculator/Graphs/PDF
2025-06-16 11:30:10,815 - INFO - No message sent.
2025-06-16 11:30:10,815 - INFO - END OF RUN
2025-06-18 11:30:04,054 - INFO - START OF RUN
2025-06-18 11:30:04,055 - INFO - Date: 2025-06-18 11:30:04.055721, Month/Year: June 2025
2025-06-18 11:30:04,078 - INFO - Current sheet: June 2025
2025-06-18 11:30:04,084 - INFO - Monthly income: 4800
2025-06-18 11:30:04,084 - INFO - Monthly amount spent: 1508.0699999999997
2025-06-18 11:30:04,084 - INFO - Monthly amount saved: 3291.9300000000003
2025-06-18 11:30:04,618 - INFO - PDF and .txt files generated at path: /Users/prakashkopi/Documents/Personal Code Projects/expenses_calculator/Graphs/PDF
2025-06-18 11:30:04,618 - INFO - No message sent.
2025-06-18 11:30:04,618 - INFO - END OF RUN
2025-06-20 11:30:07,127 - INFO - START OF RUN
2025-06-20 11:30:07,129 - INFO - Date: 2025-06-20 11:30:07.129597, Month/Year: June 2025
2025-06-20 11:30:07,140 - INFO - Current sheet: June 2025
2025-06-20 11:30:07,142 - INFO - Monthly income: 4800
2025-06-20 11:30:07,142 - INFO - Monthly amount spent: 1508.0699999999997
2025-06-20 11:30:07,142 - INFO - Monthly amount saved: 3291.9300000000003
2025-06-20 11:30:07,879 - INFO - PDF and .txt files generated at path: /Users/prakashkopi/Documents/Personal Code Projects/expenses_calculator/Graphs/PDF
2025-06-20 11:30:07,879 - INFO - No message sent.
2025-06-20 11:30:07,879 - INFO - END OF RUN
2025-06-25 11:30:06,252 - INFO - START OF RUN
2025-06-25 11:30:06,254 - INFO - Date: 2025-06-25 11:30:06.254223, Month/Year: June 2025
2025-06-25 11:30:06,270 - INFO - Current sheet: June 2025
2025-06-25 11:30:06,274 - INFO - Monthly income: 4800
2025-06-25 11:30:06,274 - INFO - Monthly amount spent: 1662.6600000000003
2025-06-25 11:30:06,274 - INFO - Monthly amount saved: 3137.3399999999997
2025-06-25 11:30:07,016 - INFO - PDF and .txt files generated at path: /Users/prakashkopi/Documents/Personal Code Projects/expenses_calculator/Graphs/PDF
2025-06-25 11:30:07,016 - INFO - No message sent.
2025-06-25 11:30:07,016 - INFO - END OF RUN
2025-06-26 11:30:08,217 - INFO - START OF RUN
2025-06-26 11:30:08,219 - INFO - Date: 2025-06-26 11:30:08.219572, Month/Year: June 2025
2025-06-26 11:30:08,231 - INFO - Current sheet: June 2025
2025-06-26 11:30:08,232 - INFO - Monthly income: 4800
2025-06-26 11:30:08,233 - INFO - Monthly amount spent: 1662.6600000000003
2025-06-26 11:30:08,233 - INFO - Monthly amount saved: 3137.3399999999997
2025-06-26 11:30:08,911 - INFO - PDF and .txt files generated at path: /Users/prakashkopi/Documents/Personal Code Projects/expenses_calculator/Graphs/PDF
2025-06-26 11:30:08,911 - INFO - No message sent.
2025-06-26 11:30:08,911 - INFO - END OF RUN
2025-06-30 11:30:04,693 - INFO - START OF RUN
2025-06-30 11:30:04,694 - INFO - Date: 2025-06-30 11:30:04.694176, Month/Year: June 2025
2025-06-30 11:30:04,712 - INFO - Current sheet: June 2025
2025-06-30 11:30:04,718 - INFO - Monthly income: 4800
2025-06-30 11:30:04,718 - INFO - Monthly amount spent: 1662.6600000000003
2025-06-30 11:30:04,718 - INFO - Monthly amount saved: 3137.3399999999997
2025-06-30 11:30:05,408 - INFO - PDF and .txt files generated at path: /Users/prakashkopi/Documents/Personal Code Projects/expenses_calculator/Graphs/PDF
2025-06-30 11:30:06,397 - INFO - Monthly email sent! Status Code: 202
2025-06-30 11:30:06,479 - INFO - New sheet 'July 2025' created.
2025-06-30 11:30:06,480 - INFO - END OF RUN
2025-07-01 11:30:06,851 - INFO - START OF RUN
2025-07-01 11:30:06,856 - INFO - Date: 2025-07-01 11:30:06.856080, Month/Year: July 2025
2025-07-01 11:30:06,891 - INFO - Current sheet: July 2025
2025-07-01 11:30:06,898 - INFO - Monthly income: 4800
2025-07-01 11:30:06,898 - INFO - Monthly amount spent: 865.13
2025-07-01 11:30:06,898 - INFO - Monthly amount saved: 3934.87
2025-07-01 11:30:08,006 - INFO - PDF and .txt files generated at path: /Users/prakashkopi/Documents/Personal Code Projects/expenses_calculator/Graphs/PDF
2025-07-01 11:30:08,006 - INFO - No message sent.
2025-07-01 11:30:08,006 - INFO - END OF RUN
2025-07-03 11:43:27,965 - INFO - START OF RUN
2025-07-03 11:43:27,972 - INFO - Date: 2025-07-03 11:43:27.972433, Month/Year: July 2025
2025-07-03 11:43:27,984 - INFO - Current sheet: July 2025
2025-07-03 11:43:27,986 - INFO - Monthly income: 4800
2025-07-03 11:43:27,986 - INFO - Monthly amount spent: 865.13
2025-07-03 11:43:27,986 - INFO - Monthly amount saved: 3934.87
2025-07-03 11:43:28,807 - INFO - PDF and .txt files generated at path: /Users/prakashkopi/Documents/Personal Code Projects/expenses_calculator/Graphs/PDF
2025-07-03 11:43:28,807 - INFO - No message sent.
2025-07-03 11:43:28,807 - INFO - END OF RUN
2025-07-05 11:35:03,481 - INFO - START OF RUN
2025-07-05 11:35:03,483 - INFO - Date: 2025-07-05 11:35:03.483693, Month/Year: July 2025
2025-07-05 11:35:03,512 - INFO - Current sheet: July 2025
2025-07-05 11:35:03,519 - INFO - Monthly income: 4800
2025-07-05 11:35:03,519 - INFO - Monthly amount spent: 933.6200000000001
2025-07-05 11:35:03,519 - INFO - Monthly amount saved: 3866.38
2025-07-05 11:35:05,550 - INFO - PDF and .txt files generated at path: /Users/prakashkopi/Documents/Personal Code Projects/expenses_calculator/Graphs/PDF
2025-07-05 11:35:05,550 - INFO - No message sent.
2025-07-05 11:35:05,550 - INFO - END OF RUN
2025-07-06 11:30:35,615 - INFO - START OF RUN
2025-07-06 11:30:35,618 - INFO - Date: 2025-07-06 11:30:35.618294, Month/Year: July 2025
2025-07-06 11:30:35,654 - INFO - Current sheet: July 2025
2025-07-06 11:30:35,662 - INFO - Monthly income: 4800
2025-07-06 11:30:35,662 - INFO - Monthly amount spent: 933.6200000000001
2025-07-06 11:30:35,662 - INFO - Monthly amount saved: 3866.38
2025-07-06 11:30:36,824 - INFO - PDF and .txt files generated at path: /Users/prakashkopi/Documents/Personal Code Projects/expenses_calculator/Graphs/PDF
2025-07-06 11:30:36,824 - INFO - No message sent.
2025-07-06 11:30:36,824 - INFO - END OF RUN
2025-07-10 11:37:29,320 - INFO - START OF RUN
2025-07-10 11:37:29,322 - INFO - Date: 2025-07-10 11:37:29.322342, Month/Year: July 2025
2025-07-10 11:37:29,482 - INFO - Current sheet: July 2025
2025-07-10 11:37:29,492 - INFO - Monthly income: 4800
2025-07-10 11:37:29,492 - INFO - Monthly amount spent: 933.6200000000001
2025-07-10 11:37:29,492 - INFO - Monthly amount saved: 3866.38
2025-07-10 11:37:31,898 - INFO - PDF and .txt files generated at path: /Users/prakashkopi/Documents/Personal Code Projects/expenses_calculator/Graphs/PDF
2025-07-10 11:37:31,898 - INFO - No message sent.
2025-07-10 11:37:31,898 - INFO - END OF RUN
2025-07-11 11:30:04,526 - INFO - START OF RUN
2025-07-11 11:30:04,529 - INFO - Date: 2025-07-11 11:30:04.529104, Month/Year: July 2025
2025-07-11 11:30:04,549 - INFO - Current sheet: July 2025
2025-07-11 11:30:04,555 - INFO - Monthly income: 4800
2025-07-11 11:30:04,555 - INFO - Monthly amount spent: 933.6200000000001
2025-07-11 11:30:04,555 - INFO - Monthly amount saved: 3866.38
2025-07-11 11:30:05,477 - INFO - PDF and .txt files generated at path: /Users/prakashkopi/Documents/Personal Code Projects/expenses_calculator/Graphs/PDF
2025-07-11 11:30:05,477 - INFO - No message sent.
2025-07-11 11:30:05,477 - INFO - END OF RUN
2025-07-15 11:32:02,255 - INFO - START OF RUN
2025-07-15 11:32:02,258 - INFO - Date: 2025-07-15 11:32:02.258813, Month/Year: July 2025
2025-07-15 11:32:02,299 - INFO - Current sheet: July 2025
2025-07-15 11:32:02,310 - INFO - Monthly income: 4800
2025-07-15 11:32:02,310 - INFO - Monthly amount spent: 933.6200000000001
2025-07-15 11:32:02,310 - INFO - Monthly amount saved: 3866.38
2025-07-15 11:32:04,104 - INFO - PDF and .txt files generated at path: /Users/prakashkopi/Documents/Personal Code Projects/expenses_calculator/Graphs/PDF
2025-07-15 11:32:04,104 - INFO - No message sent.
2025-07-15 11:32:04,104 - INFO - END OF RUN
2025-07-17 11:30:06,224 - INFO - START OF RUN
2025-07-17 11:30:06,226 - INFO - Date: 2025-07-17 11:30:06.226256, Month/Year: July 2025
2025-07-17 11:30:06,239 - INFO - Current sheet: July 2025
2025-07-17 11:30:06,241 - INFO - Monthly income: 4800
2025-07-17 11:30:06,241 - INFO - Monthly amount spent: 933.6200000000001
2025-07-17 11:30:06,241 - INFO - Monthly amount saved: 3866.38
2025-07-17 11:30:06,989 - INFO - PDF and .txt files generated at path: /Users/prakashkopi/Documents/Personal Code Projects/expenses_calculator/Graphs/PDF
2025-07-17 11:30:06,989 - INFO - No message sent.
2025-07-17 11:30:06,989 - INFO - END OF RUN
2025-07-18 11:30:09,107 - INFO - START OF RUN
2025-07-18 11:30:09,109 - INFO - Date: 2025-07-18 11:30:09.109216, Month/Year: July 2025
2025-07-18 11:30:09,132 - INFO - Current sheet: July 2025
2025-07-18 11:30:09,136 - INFO - Monthly income: 4800
2025-07-18 11:30:09,136 - INFO - Monthly amount spent: 933.6200000000001
2025-07-18 11:30:09,136 - INFO - Monthly amount saved: 3866.38
2025-07-18 11:30:09,973 - INFO - PDF and .txt files generated at path: /Users/prakashkopi/Documents/Personal Code Projects/expenses_calculator/Graphs/PDF
2025-07-18 11:30:09,973 - INFO - No message sent.
2025-07-18 11:30:09,973 - INFO - END OF RUN
2025-07-19 11:30:05,348 - INFO - START OF RUN
2025-07-19 11:30:05,350 - INFO - Date: 2025-07-19 11:30:05.350231, Month/Year: July 2025
2025-07-19 11:30:05,390 - INFO - Current sheet: July 2025
2025-07-19 11:30:05,397 - INFO - Monthly income: 4800
2025-07-19 11:30:05,397 - INFO - Monthly amount spent: 933.6200000000001
2025-07-19 11:30:05,397 - INFO - Monthly amount saved: 3866.38
2025-07-19 11:30:06,766 - INFO - PDF and .txt files generated at path: /Users/prakashkopi/Documents/Personal Code Projects/expenses_calculator/Graphs/PDF
2025-07-19 11:30:06,766 - INFO - No message sent.
2025-07-19 11:30:06,766 - INFO - END OF RUN
2025-07-22 11:30:04,608 - INFO - START OF RUN
2025-07-22 11:30:04,609 - INFO - Date: 2025-07-22 11:30:04.609622, Month/Year: July 2025
2025-07-22 11:30:04,629 - INFO - Current sheet: July 2025
2025-07-22 11:30:04,634 - INFO - Monthly income: 4800
2025-07-22 11:30:04,634 - INFO - Monthly amount spent: 933.6200000000001
2025-07-22 11:30:04,634 - INFO - Monthly amount saved: 3866.38
2025-07-22 11:30:05,594 - INFO - PDF and .txt files generated at path: /Users/prakashkopi/Documents/Personal Code Projects/expenses_calculator/Graphs/PDF
2025-07-22 11:30:05,595 - INFO - No message sent.
2025-07-22 11:30:05,595 - INFO - END OF RUN
2025-07-23 11:30:04,462 - INFO - START OF RUN
2025-07-23 11:30:04,463 - INFO - Date: 2025-07-23 11:30:04.463124, Month/Year: July 2025
2025-07-23 11:30:04,482 - INFO - Current sheet: July 2025
2025-07-23 11:30:04,488 - INFO - Monthly income: 4800
2025-07-23 11:30:04,488 - INFO - Monthly amount spent: 933.6200000000001
2025-07-23 11:30:04,488 - INFO - Monthly amount saved: 3866.38
2025-07-23 11:30:06,275 - INFO - PDF and .txt files generated at path: /Users/prakashkopi/Documents/Personal Code Projects/expenses_calculator/Graphs/PDF
2025-07-23 11:30:06,276 - INFO - No message sent.
2025-07-23 11:30:06,276 - INFO - END OF RUN
